// Jest Snapshot v1, https://goo.gl/fbAQLP

exports[`<RouteWithLayout /> matches snapshot 1`] = `
<body>
  <div />
</body>
`;
