// Jest Snapshot v1, https://goo.gl/fbAQLP

exports[`<App /> matches snapshot 1`] = `
<body>
  <div>
    <div>
      Hello World
    </div>
  </div>
</body>
`;
