// Jest Snapshot v1, https://goo.gl/fbAQLP

exports[`<Dashboard /> matches snapshot 1`] = `
<body>
  <div>
    <p
      class="MuiTypography-root MuiTypography-body1"
    >
      Dashboard
    </p>
  </div>
</body>
`;
